· full market, 1280 px (reduced motion, so flights land in one frame)
· ready in 43.4 s
{"quality":{"lite":false,"source":"url","reasons":["software GPU: ANGLE (Google, Vulkan 1.3.0 (SwiftShader Device (Subzero) (0x0000C0DE)), SwiftShader driver)"],"gpu":"ANGLE (Google, Vulkan 1.3.0 (SwiftShader Device (Subzero) (0x0000C0DE)), SwiftShader driver)"},"layout":"layout.json","lighting":"lighting","audio":"stems","content":{"glueh":"content/about.md","bier":"content/projects.md","wurst":"content/writing.md","books":"content/reading.md","band":"content/music.md","ferris":"content/questions.md","carousel":"content/contact.md","site":"content/site.md","phrases":"content/phrases.md"},"models":[{"id":"square","place":null,"kind":"ground","source":"glb","file":"square.glb"},{"id":"gluehwein","place":"glueh","kind":"section","source":"glb","file":"stall_gluehwein.glb"},{"id":"bierstand","place":"bier","kind":"section","source":"glb","file":"stall_bier.glb"},{"id":"bratwurst","place":"wurst","kind":"section","source":"glb","file":"stall_bratwurst.glb"},{"id":"buecherstand","place":"books","kind":"section","source":"glb","file":"stall_buecher.glb"},{"id":"bandstand","place":"band","kind":"landmark","source":"glb","file":"bandstand.glb"},{"id":"town","place":null,"kind":"town","source":"glb","file":"town.glb"},{"id":"tree","place":null,"kind":"tree","source":"glb","file":"tree.glb"}],"lights":{"realtime":10,"pools":29,"cap":10,"places":["bierstand","gluehwein","bratwurst","buecherstand","gluehwein","bierstand","buecherstand","bratwurst","bandstand","tree"]},"books":{"merged":{"books":55,"meshes":6},"featured":["act_book_00","act_book_01","act_book_02","act_book_03","act_book_04"]},"items":{"glueh:ladle":1,"glueh:mug":16,"glueh:effect":5,"glueh:kettle":1,"glueh:lid":1,"glueh:bottle":18,"glueh:wineglass":5,"bier:glass":18,"bier:tap":3,"wurst:grill":2,"wurst:sausage":24,"wurst:effect":1,"wurst:roll":16,"wurst:served":2,"books:book":55,"band:sax":1,"band:bass":1},"bindings":[],"contract":[],"merges":{"before":249,"after":163,"row":0,"snow":12},"lod":{"far":8,"near":6},"deferred":["riesenrad","karussell","deco-lebkuchen","deco-mandeln","deco-kerzen","deco-spielzeug","deco-schmuck","deco-kaese","deco-crepes","deco-maroni","deco-kartoffelpuffer"],"props":16,"crowd":90,"scene":{"triangles":897913,"meshes":682},"warnings":[]}
full scene {"triangles":897913,"meshes":682}
  ok   full market chosen with ?quality=full 
· full: 18.73 MB downloaded when the market opens
  ok   full: under the 25 MB first-load aim (code, fonts and models) (18.73 MB)
  ok   full: the rides and deco stalls wait until after the first frame (riesenrad karussell deco-lebkuchen deco-mandeln deco-kerzen deco-spielzeug deco-schmuck deco-kaese deco-crepes deco-maroni deco-kartoffelpuf)
  ok   the frame-time governor runs on the full market 
full scene after LOD {"triangles":917519,"meshes":536} {"people":90,"hidden":0,"lite":90,"lodFar":8,"vendorsVisible":4,"sharedAnims":{"file":"people_anims.glb","clips":13,"retargets":10}}
  ok   crowd distance LOD: far people use their lite figure ({"settled":{"lod":90,"deferred":11},"crowd":{"people":90,"hidden":0,"lite":90,"lodFar":8,"vendorsVisible":4,"sharedAnims":{"file":"people_an)
  ok   crowd: the shared clips (people_anims.glb) are loaded and retargeted ({"file":"people_anims.glb","clips":13,"retargets":10})
  ok   full: the second light pass gives each ride its real light when it arrives (bierstand gluehwein bratwurst buecherstand gluehwein bierstand buecherstand bratwurst bandstand tree karussell riesenrad)
  ok   full: static meshes merged (fewer draw calls) ({"before":519,"after":276,"row":12,"snow":30,"riders":106})
  ok   full: under 800 meshes drawn in the home view ({"triangles":917519,"meshes":536})
  ok   shelf goods merged into a few meshes (books, mugs, glasses, bottles) ({"merged":{"books":55,"meshes":6},"featured":["act_book_00","act_book_01","act_book_02","act_book_03","act_book_04"]})
  ok   layout.json and props.json bindings all resolve exactly ([])
  ok   clickable items found: books, glasses, mugs, bottles, sausages, rolls ({"glueh:ladle":1,"glueh:mug":16,"glueh:effect":5,"glueh:kettle":1,"glueh:lid":1,"glueh:bottle":18,"glueh:wineglass":5,"bier:glass":18,"bier:)
· screenshot ../review/round-4/engineer/home_full.jpg
  ok   Glühwein close-up: the vendor stays in view (person_4 person_5 person_6 person_7)
  ok   Glühwein close-up: nobody in the picture stands between the camera and the vendor (blocking: ; stepped aside: person_4 person_5 person_6 person_7)
· screenshot ../review/round-4/engineer/panel_gluehwein.jpg
  ok   Bücherstand view: every one of Mac's featured spines in clear view (the bookseller stands aside) ([{"n":"act_book_00","who":[]},{"n":"act_book_01","who":[]},{"n":"act_book_02","who":[]},{"n":"act_book_03","who":[]},{"n":"act_book_04","who)
  ok   the chosen book is open in front of the counter when the picture is taken ({"name":"act_book_00","slug":"the-many-hidden-worlds-of-quantum-mechanics","title":"The Many Hidden Worlds of Quantum Mechanics","author":"S)
  ok   the reading view shows that book's page from content/books/<slug>.md (In short, summary) ({"open":true,"slug":"the-many-hidden-worlds-of-quantum-mechanics","state":"ready","title":"The Many Hidden Worlds of Quantum Mechanics","tex)
· screenshot ../review/round-4/engineer/panel_buecherstand.jpg
  ok   reset view closes the open book and its reading view, and puts it back on the shelf ({"open":null,"visible":true,"reading":false})
· screenshot ../review/round-4/engineer/panel_bandstand.jpg
· screenshot ../review/round-4/engineer/home_full_snow.jpg
· plain.html
  ok   plain.html has all seven sections (7 sections)
  ok   plain.html links back to the market 
  ok   plain.html credits the music (the manifest's credit line) (Music: “Lanterns After Closing”, an original ballad for this site. Piano: Salamander Grand Piano by Alexander Holm (CC BY 3.0). Tenor sax: M)
  ok   plain.html lists every third-party asset with its source URL 
  ok   plain.html carries the books the 3D shelf features (they are on Mac's shelf), and not the unconfirmed list (
      Bücherstand · Reading
      The bookshop
      I read physics, philosophy and books about the brain.
The shelves hold books from my A)
  ok   plain.html lists Mac's whole bookshelf (categories.json), with the writer's one-line summaries (55 of 55)
  ok   plain.html carries the same notes the reading view shows, one article per book (55 of 55)
· screenshot ../review/round-4/engineer/plain_html.jpg
  ok   without WebGL the 3D page falls back to the text of all seven sections 
  ok   the 3D page links to plain.html 
  ok   the 3D page credits the music in its footer (Music: “Lanterns After Closing”, an original ballad for this site. Piano: Salamander Grand Piano by Alexander Holm (CC BY 3.0). Tenor sax: M)
  ok   the credit links every licence it names (5 named)
  ok   the 3D page lists every third-party asset with its source URL 
  ok   the canvas has an accessible name 
  ok   mute covers the band and the stall sounds 
· every model missing and layout.json ignored: the BUILD.md layout with labelled stand-ins
· ready in 1.3 s
  ok   missing glbs: every place is a stand-in ([])
  ok   missing layout.json: the BUILD.md layout (BUILD.md fallback)
  ok   missing glbs are reported as bindings that did not resolve (nothing guessed) ([])
  ok   stand-ins keep the actions working (Mugs poured tonight: 1. Red wine, cinnamon, clove and orange. Careful, it's hot.)
· screenshot ../review/round-4/engineer/missing_models_standins.jpg
· ready in 11.3 s
  ok   ?perf shows the frame-time meter with its Tour button 
  ok   two missing glbs: just those two are stand-ins ([{"id":"bierstand","place":"bier","kind":"section","source":"standin","file":null},{"id":"riesenrad","place":"ferris","kind":"landmark","sou)

38/38 checks passed
No console errors.
EXIT 0
